// Jest Snapshot v1, https://goo.gl/fbAQLP

exports[`renders correctly 1`] = `
<RCTSafeAreaView
  emulateUnlessSupported={true}
>
  <View>
    <Text>
      Your new username is 
    </Text>
    <Text>
      
    </Text>
    <TextInput
      onChangeText={[Function]}
      placeholder="Username"
      style={
        Object {
          "borderWidth": 1,
          "height": 40,
          "margin": 12,
          "padding": 10,
        }
      }
      testID="App.username"
      value=""
    />
    <Text>
      Your new user age is 
    </Text>
    <Text>
      
    </Text>
    <TextInput
      onChangeText={[Function]}
      placeholder="Userage"
      style={
        Object {
          "borderWidth": 1,
          "height": 40,
          "margin": 12,
          "padding": 10,
        }
      }
      testID="App.userage"
      value=""
    />
  </View>
</RCTSafeAreaView>
`;
