// Jest Snapshot v1, https://goo.gl/fbAQLP

exports[`renders correctly 1`] = `
<RCTSafeAreaView
  emulateUnlessSupported={true}
>
  <View
    style={
      Object {
        "alignItems": "center",
        "flexDirection": "row",
        "justifyContent": "center",
      }
    }
  >
    <Text
      style={
        Object {
          "fontSize": 18,
          "fontWeight": "bold",
        }
      }
    >
      Loading...
    </Text>
  </View>
</RCTSafeAreaView>
`;
